// Jest Snapshot v1, https://goo.gl/fbAQLP

exports[`ForecastSummary renders correctly 1`] = `
<DocumentFragment>
  <div
    class="forecast-summary"
  >
    <div
      class="forecast-summary__date"
    >
      1111111
    </div>
    <div
      class="forecast-summary__icon"
    >
      Stub description
    </div>
    <div
      class="forecast-summary__temperature"
    >
      stubIcon °C
    </div>
    <div
      class="forecast-summary__description"
    >
       
    </div>
  </div>
</DocumentFragment>
`;

exports[`LocationSummary renders correctly 1`] = `
<DocumentFragment>
  <div
    class="forecast-summary"
  >
    <div
      class="forecast-summary__date"
    >
      1111111
    </div>
    <div
      class="forecast-summary__icon"
    >
      Stub description
    </div>
    <div
      class="forecast-summary__temperature"
    >
      stubIcon °C
    </div>
    <div
      class="forecast-summary__description"
    >
       
    </div>
  </div>
</DocumentFragment>
`;
